border_size=1
usage=map

Gs^Fp       , Mm          , Gg          , Gs^Fp       , Gg          , Gs^Fp       , Gg          , Gs^Fp       , Gg          , Gg          , Hh^Fp       , Hh          , Hh^Fp       , Hh^Fp       , Xu          , Xu          , Xu          , Mm          , Mm          , Mm          , Mm          , Mm          , Mm          , Gs^Fp       , Mm^Xm       , Mm^Xm       , Mm^Xm       , Mm          , Ms          , Mm          , Mm          , Mm^Xm       , Mm^Xm       
Gg          , Gg          , Gg          , Gs^Fp       , Gg          , Gg          , Gg          , Gg          , Gs^Fp       , Hh^Fp       , Hh^Fp       , Hh^Fp       , Gg          , Gg          , Ur          , Xu          , Ur          , Xu          , Xu          , Mm          , Mm          , Mm          , Mm          , Ms          , Mm          , Mm^Xm       , Mm          , Ms          , Mm          , Mm          , Mm^Vhh      , Mm^Xm       , Mm^Xm       
Re          , Gg          , Gg          , Gg          , Re          , Gs^Fp       , Re          , Gg          , Gg^Vh       , Gg          , Gs^Fp       , Gg          , Mm          , Ur          , Xu          , Ur          , Xu          , Ur          , Xu          , Mm          , Mm          , Mm^Vhh      , Mm          , Mm          , Mm          , Mm          , Ch          , Ch          , Ch          , Mm          , Mm          , Ms          , Ms          
Gg          , Re          , Re          , Re          , Gg          , Re          , Gg          , Re          , Re          , Re          , Re          , Re          , Re          , Mm          , Mm          , Xu          , Xu          , Uu^Vud      , Xu          , Hh^Fdw      , Hh^Fdw      , Mm          , Mm          , Mm          , Ch          , Ch          , Ch          , 5 Kh        , Ch          , Mm          , Mm          , Ms          , Mm          
Gg          , Gg          , Gg          , Gg          , Gg          , Gg          , Gg          , Gg          , Gg          , Gg          , Gg          , Gg          , Re          , Mm          , Hh^Fp       , Mm          , Hh^Fmf      , Xu          , Hh^Fmf      , Hh          , Mm          , Mm          , Re          , Re          , Mm          , Ch          , Mm          , Ch          , Mm          , Mm          , Mm          , Mm^Xm       , Mm^Xm       
Gg          , Gs^Fp       , Gg          , Gg          , Gs^Fp       , Gg          , Gg          , Gs^Fdf      , Gg          , Gg          , Gg          , Gg          , Gg          , Re          , Re          , Hh^Fp       , Hh^Fp       , Hh^Fmf      , Hh^Fp       , Hh^Fmf      , Re          , Re          , Mm          , Hh          , Mm          , Mm          , Mm          , Mm          , Mm          , Mm          , Mm          , Mm          , Mm          
Gg          , Gg          , Gg          , Gs^Fp       , Gg^Vh       , Gs^Fp       , Gg          , Gs^Fmf      , Gs^Fp       , Gs^Fdf      , Gg          , Gg          , Gs^Fp       , Hh          , Mm          , Re          , Re          , Re          , Re          , Re          , Mm          , Mm          , Mm          , Mm          , Hh          , Mm          , Mm          , Mm          , Hh          , Mm          , Mm^Vhh      , Mm          , Mm          
Gs^Fp       , Gg          , Gg          , Gs^Fdf      , Gs^Fmf      , Gs^Fmf      , Gg          , Gg          , Gs^Fp       , Gs^Fmf      , Gg          , Gg          , Gg          , Hh          , Mm          , Mm          , Mm          , Hh^Fdw      , Re          , Hh^Fdw      , Mm          , Hh          , Mm          , Hh          , Gs^Fp       , Mm          , Mm          , Hh          , Mm          , Hh^Fdf      , Hh^Fmf      , Mm          , Hh          
Gs^Fp       , Gg          , Gs^Fp       , Gg          , Gg          , Gs^Fp       , Gs^Fp       , Gg          , Gg          , Gg          , Gg          , Gg          , Gs^Fp       , Hh          , Hh^Fmf      , Mm          , Hh^Fdf      , Mm          , Re          , Mm          , Mm          , Mm          , Gs^Fdf      , Gs^Fdf      , Gs^Fdf      , Mm          , Gs^Fdf      , Hh          , Gs^Fp       , Mm          , Gs^Fp       , Hh^Fp       , Gs^Fp       
Gs^Fp       , Gs          , Gg          , Gs^Fp       , Gs^Fdf      , Gg          , Gg          , Gg          , Gs^Fp       , Gs^Fmf      , Gg          , Gg          , Gg          , Gg          , Gg          , Hh^Fp       , Gs^Fp       , Hh^Fdf      , Re          , Hh^Vhh      , Gs^Fp       , Gs^Fdf      , Gs^Fmf      , Gs^Fmf      , Ww          , Gs^Fp       , Gs^Fp       , Gs^Fp       , Ww          , Ww          , Ww          , Gs^Fp       , Gs^Fp       
Gs^Fp       , Gs^Fp       , Gs^Fp       , Gg          , Gs^Fp       , Gg          , Gs^Fp       , Gg          , Gg          , Gs^Fp       , Gs          , Gs          , Gs          , Gs^Fp       , Gs^Fp       , Gs^Fp       , Gs^Fmf      , Gs^Fp       , Gs^Fp       , Re          , Re          , Gs^Fp       , Ww          , Ww          , Ww          , Ww          , Ww          , Ww          , Ss          , Wwf         , Ww          , Ww^Vm       , Ww          
Gs^Fp       , Gs^Fp       , Gs^Fp       , Gs^Fp       , Gs^Fp       , Gs^Fp       , Gs^Fdf      , Gs^Fmf      , Gs^Fdf      , Gs^Fmf      , Gs^Fp       , Gs^Fp       , Gs^Fp       , Gs^Fp       , Gs^Fp       , Gs^Fmf      , Gs^Fdf      , Gs^Fdf      , Ww          , Ww          , Ww^Bw|      , Ww          , Ww          , Gs^Fp       , Gs^Fdf      , Ww          , Gs^Fp       , Ww          , Ss          , Ww          , Ss          , Ww          , Gs^Fp       
Gs^Fp       , Gs^Fp       , Gs^Fp       , Gs^Fp       , Gs^Fp       , Gs^Fp       , Gs^Fp       , Gs^Fp       , Gs^Fp       , Gs^Fp       , Gg          , Gs^Fp       , Gs^Vht      , Gs^Fp       , Gs^Fp       , Gs^Fp       , Gs^Fmf      , Gs^Fdf      , Gs^Fp       , Ww          , Re          , Ww          , Gg          , Gs^Fp       , Gs^Fp       , Gs^Fdf      , Gs^Fp       , Ss          , Gs^Fp       , Ss          , Gs^Fp       , Gs^Fdf      , Gs^Fdf      
Gs^Fp       , Gs^Fp       , Gs^Fp       , Gs^Vht      , Gs^Fp       , Gs^Fp       , Gs^Fp       , Gs^Fp       , Gs^Fp       , Gs^Fp       , Gs^Fp       , Gs^Fp       , Gs^Fp       , Gs^Fp       , Gs^Fmf      , Gs^Fp       , Gs^Fp       , Gs^Fdf      , Gs^Fp       , Re          , Gs^Fp       , Gs^Fp       , Gs^Fp       , Gs^Fp       , Gs^Vht      , Gs^Fp       , Gs^Fp       , Gs^Fdf      , Gs^Fdf      , Gs^Fdf      , Gs^Fdf      , Gs^Fdf      , Gs^Fp       
Gs^Fp       , Gs^Fp       , Gs^Fp       , Gs^Fp       , Ss          , Gs^Fp       , Ss^Vm       , Gs^Fp       , Gs^Fp       , Gs^Fp       , Gs^Fp       , Gs^Fmf      , Gs^Fmf      , Gs^Fmf      , Gs^Fmf      , Gs^Fmf      , Gs^Fp       , Gs^Fmf      , Gs^Fp       , Re          , Gs^Fp       , Gs^Fp       , Gs^Fmf      , Gs^Fdf      , Gs^Fdf      , Gs^Fdf      , Gs^Fdf      , Gs^Fp       , Gs^Fmf      , Gs^Fdf      , Gs^Fp       , Gs^Fmf      , Gs^Fp       
Gs^Fp       , Gs^Fp       , Ss          , Ss          , Ss          , Ss          , Ss          , Ss          , Ss^Vhs      , Gs^Fp       , Gs^Fp       , Gs^Fp       , Gs^Fp       , Gs^Fmf      , Gs^Fp       , Gs^Fmf      , Gs^Fp       , Gs^Fp       , Gs^Fp       , Re          , Gs^Fp       , Gs^Fmf      , Gs^Fp       , Gs^Fdf      , Gs^Fp       , Gs^Fdf      , Gs^Fmf      , Gs^Fp       , Gs^Fp       , Gs^Fmf      , Gs^Fmf      , Gs^Fmf      , Gs^Fp       
Gs^Fp       , Gs^Fp       , Ss          , Ww          , Ww          , Ww          , Gs^Fp       , Gs^Fp       , Gg          , Gs^Fp       , Gs^Fp       , Gg          , Gs^Fp       , Gs^Fp       , Gs^Fp       , Gs^Fp       , Gg          , Gs^Fp       , Gs^Fp       , Re          , Re          , Gs^Fmf      , Gs^Fmf      , Gg          , Gs^Fp       , Gs^Fmf      , Gs^Fmf      , Gs^Fmf      , Gs^Fp       , Gs^Fp       , Gs^Fp       , Gs^Fmf      , Gs^Fp       
Gs^Fp       , Gs^Fp       , Gs^Fp       , Ww          , Gs^Fp       , Gg          , Gs^Fp       , Gs^Fp       , Gs^Fp       , Gs^Fp       , Gs^Fp       , Gs^Fp       , Gs^Fp       , Gs^Fp       , Gs^Fp       , Gs^Fp       , Gs^Fp       , Gg          , Gs^Fp       , Gs^Fp       , Re          , Gs^Fp       , Gs^Fmf      , Gs^Fmf      , Gs^Fmf      , Gs^Fmf      , Gs^Fp       , Gs^Fp       , Gg^Ve       , Gs^Fp       , Gs^Fmf      , Gs^Fp       , Gs^Fp       
Gs^Fp       , Gs^Fp       , Gs^Fp       , Gs^Fp       , Gs^Fp       , Gs^Fp       , Gs^Fp       , Gs^Fp       , Gs^Fms      , Gs^Fp       , Gs^Fp       , Gs^Fp       , Gs^Fp       , Gs^Fp       , Gs^Fp       , Gs^Fp       , Gs^Fp       , Gs^Fp       , Gs^Fp       , Gs^Fp       , Re          , Gs^Fp       , Gs^Fp       , Gs^Fmf      , Gs^Fp       , Gs^Fp       , Gs^Fmf      , Gs^Fp       , Gs^Fp       , Gs^Fp       , Gs^Fp       , Gs^Fmf      , Gs^Fp       
Gs^Fp       , Gs^Fp       , Gs^Fp       , Gs^Fp       , Re          , Gs^Fp       , Gs^Fp       , Gs^Fp       , Gs^Fp       , Gs^Fp       , Gs^Fp       , Gs^Fp       , Gs^Fp       , Gs^Fp       , Gs^Fp       , Gs^Fp       , Gs^Fp       , Gs^Fp       , Gs^Fp       , Gs^Fp       , Re          , Re          , Re          , Re          , Re          , Gs^Fp       , Gs^Fp       , Gs^Fmf      , Gs^Fmf      , Gs^Fp       , Gs^Fp       , Gs^Fp       , Gs^Fp       
Re          , Re          , Re          , Re          , Gs^Fp       , Re          , Re          , Re          , Re          , Gs^Fp       , Gs^Fp       , Gs^Fp       , Gs^Fp       , Gs^Fp       , Gs^Fp       , Gs^Fp       , Gs^Fp       , Gg          , Re          , Re          , Gs^Fp       , Gs^Fp       , Gs^Fp       , Gs^Fp       , Gs^Fp       , Re          , Gs^Fp       , Gs^Fp       , Gs^Fp       , Gs^Fmf      , Gs^Fp       , Gs^Fp       , Gs^Fp       
Gs^Fp       , Gs^Fp       , Gs^Fp       , Gs^Fp       , Gg^Ve       , Gs^Fp       , Gs^Fp       , Gs^Fp       , Gs^Fp       , Re          , Re          , Gs^Fp       , Gs^Fp       , Gs^Fp       , Re          , Gg          , Re          , Re          , Gs^Fp       , Gs^Fp       , Gs^Fp       , Gs^Fp       , Gs^Fp       , Gs^Fp       , Gs^Fp       , Re          , Re          , Re          , Re          , Gs^Fp       , Gs^Fp       , Gs^Fp       , Gs^Fp       
Gs^Fp       , Gs^Fp       , Gs^Fp       , Gs^Fp       , Gs^Fp       , Gs^Fp       , Gs^Fp       , Gs^Fp       , Gs^Fp       , Gs^Fp       , Gs^Fp       , Re          , Re          , Re          , Gs^Fp       , Re          , Gs^Fp       , Gs^Fp       , Gs^Fp       , Gs^Fp       , Gs^Fp       , Gs^Fp       , Gs^Fp       , Gs^Fp       , Gs^Fp       , Gs^Fp       , Re          , Gs^Fp       , Gs^Fp       , Re          , Re          , Gs^Fp       , Gs^Fp       
Gs^Fp       , Gs^Fp       , Gs^Fp       , Gs^Fp       , Gs^Fp       , Gs^Fp       , Gs^Fp       , Gs^Fp       , Gs^Fp       , Gs^Fp       , Re          , Re          , Gs^Fp       , Gs^Fp       , Gs^Fp       , Gs^Fp       , Gs^Fp       , Gs^Fp       , Gs^Fp       , Gs^Fp       , Gs^Fp       , Gs^Fp       , Gs^Fp       , Gs^Fp       , Gs^Fp       , Gg^Ve       , Re          , Gs^Fp       , Ce          , Gs^Fp       , Gs^Fp       , Re          , Gs^Fp       
Gs^Fp       , Gs^Fp       , Gs^Fp       , Gs^Fp       , Gs^Fp       , Gs^Fp       , Ce          , Gs^Fp       , Re          , Re          , Gs^Fp       , Gs^Fp       , Gs^Fp       , Gs^Fp       , Gs^Fp       , Gs^Fp       , Gs^Fp       , Gs^Fp       , Gs^Fp       , Gs^Fp       , Gs^Fp       , Gs^Fp       , Gs^Fp       , Gs^Fp       , Gs^Fp       , Gs^Fp       , Ce          , Ce          , 1 Ke        , Ce          , Gs^Fp       , Re          , Gs^Fp       
Gs^Fp       , Gs^Fp       , Gs^Fp       , Gs^Fp       , Gs^Fp       , Ce          , 4 Kv        , Ce          , Gs^Fp       , Gs^Fp       , Gs^Fp       , Gs^Fp       , Gs^Fp       , Gs^Fp       , Gs^Fp       , Gs^Fp       , Gs^Fms      , Gs^Fp       , Gs^Fp       , Gs^Fp       , Gg^Ve       , Gs^Fp       , Gs^Fp       , Gs^Fp       , Gs^Fp       , Ce          , 3 Ke        , 2 Ke        , Ce          , Ce          , Re          , Re          , Gs^Fp       
Gs^Fp       , Gs^Fp       , Gs^Fms      , Gs^Fp       , Gs^Fp       , Ce          , Ce          , Ce          , Gs^Fp       , Gs^Fp       , Gs^Fp       , Gs^Fp       , Gs^Fp       , Gs^Fp       , Gs^Fp       , Gs^Fp       , Gs^Fms      , Gs^Fms      , Gs^Fp       , Gs^Fp       , Gs^Fp       , Gs^Fp       , Gs^Fp       , Gs^Fp       , Gs^Fp       , Ce          , Ce          , Ce          , Gs^Fp       , Gs^Fp       , Re          , Gs^Fp       , Gs^Fp       
Gs^Fp       , Gs^Fms      , Gs^Fp       , Gs^Fp       , Gs^Fp       , Gs^Fp       , Gs^Fp       , Gs^Fp       , Gs^Fp       , Gs^Fp       , Gs^Fp       , Gs^Fp       , Gs^Fp       , Gs^Fp       , Gs^Fp       , Gs^Fp       , Gs^Fp       , Gs^Fp       , Gs^Fms      , Gs^Fms      , Gs^Fp       , Gs^Fp       , Gs^Fp       , Gs^Fp       , Gs^Fp       , Gs^Fp       , Gs^Fp       , Gs^Fp       , Gs^Fp       , Gs^Fp       , Re          , Gs^Fp       , Gs^Fp       
Gs^Fp       , Gs^Fms      , Gs^Fp       , Gs^Fp       , Gs^Fp       , Gs^Fp       , Gs^Fp       , Gs^Fp       , Gs^Fp       , Gs^Fp       , Gs^Fp       , Gs^Fp       , Gs^Fp       , Gs^Fp       , Gs^Fp       , Gs^Fp       , Gs^Fp       , Gs^Fp       , Gs^Fp       , Gs^Fms      , Gs^Fms      , Gs^Fms      , Gs^Fms      , Gs^Fp       , Gs^Fp       , Gs^Fp       , Gs^Fp       , Gs^Fp       , Gs^Fp       , Gs^Fp       , Re          , Gs^Fp       , Gs^Fp       
