border_size=1
usage=map

Hh          , Hh          , Hh          , Ww          , Ww          , Ww          , Ww          , Ww          , Ww          , Ww          , Ww          , Hh          , Hh          , Hh          , Hh          , Hh          , Gs^Efm         , Hh          , Hh          , Hh          , Hh          , Hh          , Re          , Re          , Kh          , Hh          , Hh          , Hh          
Hh          , Hh          , Gg          , Hh          , Ww          , Ww          , Ww          , Ww          , Ss          , Ss          , Chs         , Gg          , Gg          , Hh          , Gg          , Hh          , Hh          , Hh          , Hh          , Hh          , Hh          , Ch          , 3 Kh        , 2 Kh        , 1 Kh        , Ch          , Ch          , Hh          
Hh          , Hh          , Gg          , Hh          , Gg          , Ww          , Gg          , Ww          , Ss^Vhs      , Chs         , Gg          , Hh          , Hh          , Gg          , Hh          , Gg^Ve       , Hh          , Hh          , Hh          , Hh          , Hh          , Re          , Gg^Ve       , Ch          , Ch          , Ch          , Ch          , Hh          
Hh          , Hh          , Hh          , Gg          , Gg          , Gg          , Hh          , Gg          , Gg          , Hh          , Gg          , Hh          , Hh          , Gs^Efm         , Hh          , Hh          , Hh          , Hh          , Hh          , Hh          , Re          , Re          , Hh          , Hh          , Ch          , Ch          , Hh          , Hh          
Hh          , Hh          , Gg          , Hh          , Gg          , Hh          , Gg          , Hh          , Hh          , Hh          , Hh          , Hh          , Hh          , Hh          , Hh          , Hh          , Hh          , Hh          , Hh          , Re          , Re          , Hh          , Hh          , Hh          , Hh          , Hh          , Hh          , Hh          
Hh          , Gg          , Hh          , Gg          , Gg          , Gg          , Hh          , Hh          , Gs^Efm         , Hh          , Hh          , Gg          , Hh          , Hh          , Hh          , Hh          , Hh          , Hh          , Re          , Re          , Hh          , Hh          , Hh          , Hh          , Hh          , Hh          , Hh          , Hh          
Gg          , Hh          , Hh          , Hh          , Gg          , Hh          , Hh          , Hh          , Hh          , Hh          , Hh          , Gg          , Hh          , Hh          , Hh          , Hh          , Re          , Re          , Hh          , Hh          , Hh          , Hh          , Hh          , Hh          , Hh          , Hh          , Gg          , Hh          
Hh          , Hh          , Hh          , Gs^Vht      , Hh          , Hh          , Hh          , Hh          , Hh          , Hh          , Hh          , Hh          , Hh          , Hh          , Hh          , Hh^Vhh      , Re          , Re          , Hh          , Hh          , Hh          , Gg          , Gg          , Gg          , Gg          , Hh          , Hh          , Hh          
Hh          , Hh          , Hh          , Hh          , Hh          , Hh          , Hh          , Hh          , Hh          , Gg          , Hh          , Hh          , Hh          , Hh          , Re          , Re          , Hh          , Hh          , Hh          , Hh          , Gg          , Gg          , Gs^Vht      , Gg          , Hh          , Hh          , Hh          , Hh          
Hh          , Hh          , Hh          , Hh          , Hh          , Hh          , Hh          , Hh          , Hh          , Hh          , Hh          , Hh          , Hh          , Hh          , Re          , Hh          , Hh          , Hh          , Gg          , Gg          , Hh          , Gg          , Gg          , Gg          , Hh          , Gg          , Gg          , Hh          
Hh          , Hh          , Hh          , Hh          , Hh^Vhh      , Hh          , Hh          , Hh          , Hh          , Hh          , Hh          , Hh          , Hh          , Hh          , Re          , Hh          , Hh          , Gg          , Hh          , Hh          , Gg          , Hh          , Gg          , Gg          , Gg          , Hh          , Hh          , Hh          
Hh          , Hh          , Hh          , Hh          , Hh          , Hh          , Hh          , Hh          , Hh          , Rd          , Hh          , Hh          , Hh          , Hh          , Re          , Hh          , Hh          , Hh          , Hh          , Hh          , Hh          , Gg          , Hh          , Hh          , Hh          , Hh          , Hh          , Hh          
Hh          , Hh          , Hh          , Hh          , Hh          , Hh          , Hh          , Hh          , Hh          , Hh          , Hh          , Hh          , Hh          , Re          , Hh          , Re          , Re          , Hh          , Hh          , Hh          , Hh          , Hh          , Hh          , Hh          , Hh          , Hh          , Rd          , Hh          
Hh          , Hh          , Hh          , Rd          , Hh          , Hh          , Hh^Fdw      , Hh          , Hh          , Hh          , Hh          , Hh          , Hh^Vhh      , Re          , Hh          , Hh          , Hh          , Re          , Re          , Hh          , Hh^Vhh      , Hh          , Hh          , Hh          , Rd          , Hh          , Hh          , Hh          
Hh^Fdw      , Hh          , Hh          , Hh          , Hh          , Hh          , Hh          , Hh          , Hh^Fdw      , Hh          , Hh          , Hh          , Hh          , Re          , Hh          , Hh          , Hh          , Hh          , Hh          , Re          , Re          , Hh          , Hh          , Hh          , Hh          , Hh          , Hh          , Hh          
Hh          , Hh^Fdw      , Hh          , Hh          , Hh          , Hh          , Hh^Fdw      , Hh          , Hh          , Hh          , Hh          , Hh          , Hh          , Re          , Hh          , Hh          , Mm          , Mm          , Mm          , Hh          , Hh          , Re          , Re          , Hh          , Hh          , Hh          , Hh          , Hh          
Hh          , Hh          , Hh          , Hh          , Hh          , Hh          , Hh          , Hh          , Hh          , Hh          , Hh          , Hh          , Hh          , Re          , Hh          , Mm          , Mm^Xm       , Mm          , Mm^Xm       , Mm          , Hh          , Hh          , Hh          , Re          , Re          , Re          , Re          , Hh          
Hh          , Hh          , Hh          , Hh^Vhh      , Hh          , Hh          , Hh          , Hh          , Hh          , Hh          , Hh          , Hh          , Hh          , Re          , Hh          , Mm          , Mm^Xm       , Mm^Xm       , Mm^Xm       , Mm          , Hh          , Hh          , Hh          , Hh          , Mm          , Mm          , Mm          , Re          
Hh          , Hh          , Hh          , Hh          , Hh          , Hh          , Hh^Fdw      , Hh          , Hh          , Hh          , Hh          , Hh          , Hh          , Re          , Hh          , Mm          , Mm^Vhh      , Mm^Xm       , Mm          , Mm          , Hh^Fdw      , Hh          , Mm^Vhh      , Mm          , Uu^Ii       , Mm          , Uu^Ii       , Mm          
Hh          , Hh          , Hh          , Hh          , Hh          , Hh          , Hh          , Hh          , Hh          , Hh^Vhh      , Hh          , Hh          , Hh          , Re          , Hh          , Hh          , Hh          , Mm          , Mm          , Mm          , Mm          , Mm          , Xu          , Xu          , Uu^Ii       , Uu^Ii       , Uu^Vud      , Xu          
Hh^Fdw      , Hh          , Hh          , Hh^Fdw      , Hh          , Hh          , Hh          , Hh          , Hh          , Hh          , Hh          , Hh          , Hh          , Re          , Hh          , Hh^Fdw      , Hh^Fdw      , Hh          , Mm          , Mm          , Xu          , Xu          , Uu          , Uu          , Uu          , Uu          , Uu          , Uu          
Hh          , Hh          , Hh          , Hh          , Hh          , Hh          , Hh          , Rd          , Hh          , Hh          , Hh          , Hh          , Hh          , Re          , Hh          , Hh^Fdw      , Hh          , Hh          , Mm          , Xu          , Uh          , Uu          , Uu          , Uu          , Uu^Uf       , Uu          , Uu          , Uu          
Hh          , Hh          , Hh          , Hh^Vhh      , Hh          , Hh          , Hh          , Hh          , Hh          , Hh          , Hh          , Hh          , Hh          , Re          , Hh          , Hh          , Hh          , Mm          , Xu          , Xu          , Uh          , Uh          , Uu          , Xu          , Xu          , Uu          , Uu^Uf       , Uu          
Hh          , Hh          , Hh          , Hh          , Hh          , Hh          , Hh          , Hh          , Hh          , Hh          , Hh          , Hh          , Ch          , Re          , Ha          , Hh          , Ha          , Ha^Vhha     , Xu          , Uu^Vud      , Xu          , Uh          , Uu          , Xu          , Uu          , Xu          , Uu          , Uu          
Hh          , Hh          , Hh          , Hh          , Rd          , Hh          , Hh          , Hh          , Hh          , Hh          , Ch          , Ch          , 5 Kh        , Ch          , Ch          , Ha          , Xu          , Xu          , Xu          , Xu          , Xu          , Uu          , Uu          , Uu          , Uu          , Uu          , Uu          , Uu          
Hh          , Hh          , Hh          , Hh          , Hh          , Hh          , Hh          , Mm^Vhh      , Ch          , Ch          , Ch          , Ch          , Hh          , 4 Kh        , Ch          , Ch          , Cud         , Cud         , Cud         , Cud         , Cud         , Xu          , Xu          , Uu^Vu       , Uu          , Uu          , Uu          , Uu          
Hh          , Hh          , Hh^Fdw      , Hh          , Hh          , Hh          , Hh          , Ch          , Hh          , Ch          , Hh          , Hh          , Hh          , Re          , Ha^Vhha     , Ha          , Xu          , Xu          , Xu          , Xu          , Xu          , Uu          , Uu          , Uu          , Uu^Uf       , Uu          , Uu^Vud      , Uu          
Hh          , Hh          , Hh          , Hh          , Hh          , Hh          , Hh          , Hh          , Hh          , Hh          , Hh          , Hh          , Hh          , Re          , Ha          , Ha          , Xu          , Xu          , Xu          , Xu          , Xu          , Xu          , Xu          , Uu          , Uu          , Uu          , Uu          , Uu          
