border_size=1
usage=map

Xu          , Xu          , Xu          , Xu          , Xu          , Xu          , Xu          , Xu          , Xu          , Xu          , Xu          , Xu          , Uu          , Uu          , Uu          , Uu          , Uu          , Uu          , Uu          , Xu          , Xu          , Xu          , Xu          , Xu          , Xu          , Xu          , Xu          , Xu          , Xu          , Xu          , Xu          , Xu          , Xu          , Xu          , Xu          , Xu          , Xu          , Xu          , Xu          , Xu          , Xu          , Xu          , Xu          , Xu          , Xu          , Xu          
Xu          , Xu          , Xu          , Xu          , Xu          , Xu          , Xu          , Xu          , Xu          , Xu          , Xu          , Xu          , Uu          , Uu          , Uu          , Cud         , Cud         , Uu          , Uu          , Uu          , Uu          , Uu          , Uu          , Xu          , Xu          , Xu          , Xu          , Xu          , Xu          , Xu          , Xu          , Xu          , Xu          , Xu          , Xu          , Xu          , Xu          , Xu          , Xu          , Xu          , Xu          , Xu          , Xu          , Xu          , Xu          , Xu          
Xu          , Xu          , Xu          , Xu          , Xu          , Xu          , Xu          , Xu          , Xu          , Xu          , Xu          , Uu^Vud      , Uu          , Uu          , Uu          , Cud         , 5 Kud       , Cud         , Uu          , Uu          , Uu          , Uu          , Uu          , Uu          , Uu          , Xu          , Uu          , Xu          , Uu          , Xu          , Xu          , Xu          , Xu          , Xu          , Xu          , Xu          , Xu          , Xu          , Xu          , Xu          , Xu          , Xu          , Xu          , Xu          , Xu          , Xu          
Xu          , Xu          , Xu          , Xu          , Xu          , Xu          , Xu          , Xu          , Xu          , Xu          , Xu          , Xu          , Uu          , Uu          , Uu          , Cud         , Cud         , Cud         , Ur          , Ur          , Ur          , Uu          , Ur          , Uu          , Uu          , Uu          , Xu          , Uu          , Xu          , Xu          , Xu          , Xu          , Qxu         , Xu          , Qxu         , Qxu         , Xu          , Xu          , Xu          , Xu          , Xu          , Xu          , Xu          , Xu          , Xu          , Xu          
Xu          , Xu          , Xu          , Xu          , Xu          , Xu          , Xu          , Xu          , Xu          , Xu          , Xu          , Xu          , Uu          , Uu          , Uu          , Uu          , Uu          , Uu          , Ur          , Uu          , Uu          , Ur          , Uu          , Ur          , Ur          , Uu          , Xu          , Xu          , Qxu         , Qxu         , Qxu         , Qxu         , Qxu         , Qxu         , Qxu         , Qxu         , Xu          , Xu          , Xu          , Xu          , Xu          , Xu          , Xu          , Xu          , Xu          , Xu          
Xu          , Xu          , Xu          , Xu          , Xu          , Xu          , Xu          , Xu          , Xu          , Xu          , Xu          , Xu          , Xu          , Uu          , Uu          , Uu          , Uu          , Uu          , Uu          , Ur          , Uu          , Uu          , Xu          , Uu          , Xu          , Ur          , Qxu^Bs\     , Qxu         , Qxu         , Qxu         , Qxu         , Qxu         , Qxu         , Qxu         , Qxu         , Qxu         , Xu          , Xu          , Xu          , Xu          , Xu          , Xu          , Xu          , Xu          , Xu          , Xu          
Xu          , Xu          , Xu          , Xu          , Xu          , Xu          , Xu          , Xu          , Xu          , Xu          , Xu          , Xu          , Xu          , Xu          , Xu          , Uu          , Ql          , Ql          , Uu          , Ur          , Ur          , Uu          , Xu          , Xu          , Xu          , Qxu         , Qxu         , Qxu^Bs\     , Qxu^Bs\     , Qxu         , Uu          , Uu          , Uu          , Qxu         , Qxu         , Qxu         , Xu          , Xu          , Xu          , Xu          , Xu          , Xu          , Xu          , Xu          , Xu          , Xu          
Xu          , Xu          , Xu          , Xu          , Xu          , Xu          , Xu          , Xu          , Xu          , Xu          , Xu          , Xu          , Xu          , Xu          , Ql          , Ql          , Ql          , Uu          , Uu          , Ur          , Uu          , Uu          , Xu          , Xu          , Xu          , Qxu         , Qxu         , Qxu         , Qxu         , Qxu^Bs\     , Ur          , Uu          , Qxu         , Qxu         , Qxu         , Qxu         , Xu          , Xu          , Xu          , Xu          , Xu          , Xu          , Xu          , Xu          , Xu          , Xu          
Xu          , Xu          , Xu          , Xu          , Xu          , Xu          , Xu          , Xu          , Xu          , Xu          , Xu          , Xu          , Ql          , Ql          , Ql          , Uu          , Uu          , Uu          , Ur          , Ur          , Uu          , Uu          , Xu          , Xu          , Xu          , Xu          , Xu          , Qxu         , Uu          , Uu          , Qxu         , Qxu^Bs\     , Qxu^Bs\     , Qxu         , Qxu         , Qxu         , Qxu         , Xu          , Xu          , Xu          , Xu          , Xu          , Xu          , Xu          , Xu          , Xu          
Xu          , Xu          , Xu          , Xu          , Xu          , Xu          , Xu          , Xu          , Xu          , Xu          , Ql          , Ql          , Uu          , Uu          , Ur          , Ql          , Qxu^Bs/     , Ur          , Xu          , Xu          , Xu          , Xu          , Xu          , Xu          , Xu          , Xu          , Xu          , Uu          , Qxu         , Qxu         , Qxu         , Qxu         , Qxu         , Qxu^Bs\     , Qxu^Bs\     , Qxu         , Qxu         , Xu          , Uu^Ii       , Xu          , Uu^Ii       , Xu          , Uu^Vud      , Xu          , Xu          , Xu          
Xu          , Xu          , Xu          , Xu          , Xu          , Xu          , Xu          , Xu          , Ql          , Ql          , Ur          , Ur          , Ur          , Ur          , Ur          , Ur          , Xu          , Ql          , Ql          , Xu          , Ql          , Xu          , Ql          , Xu          , Ql          , Xu          , Xu          , Xu          , Xu          , Qxu         , Qxu         , Qxu         , Qxu         , Qxu         , Qxu         , Qxu^Bs\     , Qxu^Bs\     , Xu          , Uu^Ii       , Uu^Ii       , Uu^Ii       , Uu^Ii       , Uu^Ii       , Uu^Ii       , Uu^Ii       , Xu          
Xu          , Xu          , Xu          , Xu          , Xu          , Xu          , Ql          , Ql          , Ur          , Ur          , Uu          , Uu          , Xu          , Xu          , Xu          , Xu          , Xu          , Xu          , Xu          , Ql          , Xu          , Ql          , Xu          , Ql          , Ql          , Xu          , Xu          , Xu          , Xu          , Xu          , Xu          , Qxu         , Qxu         , Qxu         , Qxu         , Qxu         , Qxu         , Xu          , Uu^Ii       , Uu^Ii       , Cud         , Cud         , Cud         , Uu^Ii       , Uu^Ii       , Xu          
Xu          , Xu          , Xu          , Xu          , Ql          , Ql          , Ur          , Ur          , Xu          , Uh          , Xu          , Xu          , Xu          , Xu          , Xu          , Xu          , Xu          , Xu          , Xu          , Xu          , Xu          , Xu          , Xu          , Xu          , Xu          , Ql          , Ql          , Xu          , Xu          , Xu          , Xu          , Xu          , Xu          , Qxu         , Xu          , Qxu         , Xu          , Xu          , Uu^Vud      , Uu^Ii       , Cud         , 4 Kud       , Cud         , Uu^Ii       , Uu^Vud      , Xu          
Xu          , Xu          , Ql          , Ql          , Ur          , Ur          , Xu          , Xu          , Xu          , Xu          , Xu          , Xu          , Xu          , Xu          , Xu          , Xu          , Xu          , Xu          , Xu          , Xu          , Xu          , Xu          , Xu          , Xu          , Xu          , Xu          , Xu          , Ql          , Ql          , Xu          , Xu          , Xu          , Xu          , Xu          , Xu          , Xu          , Xu          , Xu          , Uu^Ii       , Uu^Ii       , Uu^Ii       , Cud         , Uu^Ii       , Uu^Ii       , Xu          , Xu          
Xu          , Xu          , Ur          , Ur          , Xu          , Xu          , Xu          , Xu          , Xu          , Xu          , Xu          , Xu          , Xu          , Xu          , Xu          , Xu          , Xu          , Xu          , Xu          , Xu          , Xu          , Xu          , Xu          , Xu          , Xu          , Xu          , Xu          , Xu          , Xu          , Ql          , Ql          , Xu          , Xu          , Xu          , Xu          , Xu          , Xu          , Xu          , Xu          , Uu^Ii       , Xu          , Ur          , Xu          , Xu          , Xu          , Xu          
Xu          , Xu          , Ur          , Xu          , Xu          , Xu          , Xu          , Xu          , Xu          , Xu          , Xu          , Xu          , Xu          , Xu          , Xu          , Xu          , Xu          , Xu          , Xu          , Xu          , Xu          , Xu          , Xu          , Xu          , Xu          , Xu          , Xu          , Xu          , Xu          , Ql          , Xu          , Ql          , Ql          , Ql          , Qlf         , Xu          , Xu          , Xu          , Xu          , Xu          , Xu          , Ur          , Xu          , Xu          , Xu          , Xu          
Xu          , Xu          , Ur          , Xu          , Xu          , Xu          , Xu          , Xu          , Xu          , Xu          , Xu          , Xu          , Xu          , Xu          , Xu          , Xu          , Xu          , Xu          , Xu          , Xu          , Xu          , Xu          , Xu          , Xu          , Xu          , Xu          , Xu          , Xu          , Xu          , Xu          , Xu          , Xu          , Xu          , Qlf         , Qlf         , Qlf         , Qlf         , Xu          , Xu          , Xu          , Xu          , Ur          , Xu          , Xu          , Xu          , Xu          
Uu          , Uu          , Ur          , Uu          , Uu          , Xu          , Xu          , Xu          , Xu          , Xu          , Xu          , Xu          , Xu          , Xu          , Xu          , Xu          , Xu          , Xu          , Xu          , Xu          , Xu          , Xu          , Xu          , Xu          , Xu          , Xu          , Xu          , Xu          , Xu          , Xu          , Xu          , Xu          , Xu          , Xu          , Xu          , Qlf         , Qlf         , Qlf         , Uu          , Ur          , Ur          , Ur          , Xu          , Xu          , Xu          , Xu          
Uu          , Uu^Vud      , Ur          , Uu          , Uu          , Uu          , Uu^Vud      , Xu          , Xu          , Xu          , Xu          , Xu          , Xu          , Xu          , Xu          , Xu          , Xu          , Xu          , Xu          , Xu          , Xu          , Xu          , Xu          , Xu          , Xu          , Xu          , Xu          , Xu          , Xu          , Xu          , Xu          , Xu          , Xu          , Xu          , Xu          , Xu          , Ur          , Uu^Vu       , Ur          , Ur          , Uu          , Xu          , Xu          , Xu          , Xu          , Xu          
Uu          , Uu          , Uu          , Ur          , Ur          , Uu          , Uu          , Uu          , Uu          , Xu          , Xu          , Xu          , Xu          , Xu          , Xu          , Xu          , Xu          , Xu          , Xu          , Xu          , Xu          , Xu          , Xu          , Xu          , Xu          , Xu          , Xu          , Xu          , Xu          , Xu          , Xu          , Xu          , Xu          , Xu          , Ur          , Ur          , Uu          , Ur          , Uu          , Uu^Vu       , Xu          , Xu          , Xu          , Xu          , Xu          , Xu          
Uu          , Uu          , Uu          , Ur          , Cud         , Cud         , Cud         , Xu          , Xu          , Xu          , Ur          , Xu          , Ur          , Xu          , Uu          , Xu          , Uu          , Xu          , Xu          , Xu          , Xu          , Xu          , Xu          , Xu          , Xu          , Xu          , Xu          , Xu          , Xu          , Xu          , Xu          , Xu          , Uu          , Ur          , Xu          , Xu          , Xu          , Uu          , Uu^Vu       , Uu          , Xu          , Xu          , Xu          , Xu          , Xu          , Xu          
Uu          , Uu^Vud      , Uu          , Cud         , Cud         , 6 Kud       , Cud         , Cud         , Ur          , Ur          , Xu          , Ur          , Xu          , Uu          , Xu          , Uu          , Xu          , Uu          , Ur          , Xu          , Xu          , Xu          , Xu          , Xu          , Xu          , Xu          , Xu          , Xu          , Xu          , Xu          , Xu          , Xu          , Uu          , Ur          , Xu          , Xu          , Xu          , Xu          , Xu          , Xu          , Xu          , Xu          , Xu          , Xu          , Xu          , Xu          
Xu          , Uu          , Xu          , Uu          , Uu          , Cud         , Ur          , Ur          , Uh          , Uu          , Xu          , Xu          , Xu          , Xu          , Xu          , Xu          , Xu          , Xu          , Xu          , Ur          , Xu          , Xu          , Xu          , Xu          , Xu          , Xu          , Xu          , Xu          , Xu          , Xu          , Xu          , Xu          , Xu          , Ur          , Xu          , Xu          , Xu          , Xu          , Mm          , Xu          , Xu          , Xu          , Mm          , Mm          , Mm          , Xu          
Xu          , Xu          , Xu          , Xu          , Xu          , Uu          , Ur          , Ur          , Ur          , Xu          , Xu          , Xu          , Xu          , Xu          , Xu          , Xu          , Xu          , Xu          , Xu          , Ur          , Xu          , Xu          , Xu          , Xu          , Xu          , Xu          , Xu          , Xu          , Xu          , Xu          , Xu          , Xu          , Xu          , Ur          , Xu          , Xu          , Xu          , Mm^Vhh      , Mm          , Mm          , Xu          , Mm          , Mm          , Mm          , Mm          , Xu          
Xu          , Xu          , Xu          , Xu          , Xu          , Uu          , Ur          , Uu          , Uu          , Xu          , Xu          , Xu          , Xu          , Xu          , Xu          , Xu          , Xu          , Xu          , Ur          , Ur          , Ur          , Xu          , Xu          , Xu          , Xu          , Xu          , Xu          , Xu          , Xu          , Xu          , Wo          , Wo          , Wo          , Ww          , Ww^Vm       , Wo          , Ww          , Ww          , Xu          , Mm          , Mm          , Mm          , Mm          , Mm          , Mm          , Xu          
Xu          , Xu          , Xu          , Xu          , Xu          , Uh          , Ur          , Uu          , Uu^Uf       , Xu          , Xu          , Xu          , Xu          , Xu          , Xu          , Xu          , Ur          , Xu          , Xu          , Uh          , Uh          , Ur          , Ur          , Xu          , Xu          , Xu          , Xu          , Xu          , Xu          , Xu          , Wo          , Wo          , Ww          , Ww          , Xu          , Ww          , Wo          , Wo          , Xu          , Mm          , Mm          , Hh          , Hh          , Hh          , Hh          , Mm          
Xu          , Xu          , Xu          , Xu          , Xu          , Xu          , Uu          , Ur          , Ur          , Ur          , Xu          , Xu          , Xu          , Xu          , Uu          , Uh          , Ur          , Uh          , Uu          , Xu          , Xu          , Ur          , Ur          , Ur          , Ur          , Xu          , Xu          , Xu          , Xu          , Xu          , Ww          , Ww          , Wo          , Wo          , Wo          , Wo          , Xu          , Xu          , Mm          , Mm          , Mm          , Hh          , Gs^Fp       , Hh          , Hh          , Hh          
Xu          , Xu          , Xu          , Xu          , Xu          , Xu          , Xu          , Uh          , Uu          , Ur          , Xu          , Xu          , Xu          , Xu          , Ur          , Ur          , Ur          , Uu          , Xu          , Xu          , Xu          , Uu^Vud      , Xu          , Uu          , Uu          , Ur          , Ur          , Xu          , Ww^Vm       , Ww          , Xu          , Wo          , Wo          , Wo          , Xu          , Xu          , Xu          , Mm          , Mm          , Mm          , Hh          , Hh          , Hh          , Gs^Fp       , Gg          , Hh          
Xu          , Xu          , Xu          , Xu          , Xu          , Xu          , Xu          , Xu          , Uu          , Ur          , Uh          , Xu          , Uu^Vud      , Ur          , Uu          , Ur          , Xu          , Xu          , Xu          , Xu          , Xu          , Xu          , Xu          , Xu          , Xu          , Uh          , Ww          , Ww^Bw\      , Uu          , Xu          , Xu          , Xu          , Xu          , Xu          , Xu          , Xu          , Mm          , Mm          , Mm          , Hh          , Gs^Fp       , Hh          , Gg^Ve       , Gg          , Gs^Fp       , Gg          
Xu          , Xu          , Xu          , Xu          , Xu          , Xu          , Xu          , Xu          , Xu          , Uu          , Uu          , Uu          , Uu          , Xu          , Xu          , Xu          , Xu          , Xu          , Xu          , Xu          , Xu          , Xu          , Xu          , Xu          , Xu          , Xu          , Wo          , Ur          , Ur          , Uu          , Ur          , Xu          , Xu          , Xu          , Xu          , Xu          , Mm          , Mm          , Hh          , Hh          , Gg          , Gg          , Ce          , Gs^Fp       , Gg          , Gg          
Xu          , Xu          , Xu          , Xu          , Xu          , Xu          , Xu          , Xu          , Xu          , Uu^Vud      , Xu          , Uu          , Uu^Vud      , Xu          , Xu          , Xu          , Xu          , Xu          , Xu          , Xu          , Xu          , Xu          , Xu          , Xu          , Wo          , Wo          , Wo          , Wo          , Xu          , Ur          , Ur          , Ur          , Uu          , Xu          , Xu          , Mm          , Mm          , Hh          , Gg^Ve       , Gg          , Ce          , Ce          , Ce          , Ce          , Gg          , Gg          
Xu          , Xu          , Xu          , Xu          , Xu          , Xu          , Xu          , Xu          , Xu          , Xu          , Xu          , Xu          , Xu          , Xu          , Xu          , Xu          , Xu          , Xu          , Xu          , Xu          , Xu          , Xu          , Wo          , Wo          , Wo          , Wo          , Wo          , Wo          , Xu          , Xu          , Xu          , Ur          , Ur          , Rd          , Rd          , Mm          , Mm          , Hh          , Gg          , Ce          , Ce          , 3 Ke        , 2 Ke        , Gg          , Gg^Ve       , Gg          
Xu          , Xu          , Xu          , Xu          , Xu          , Xu          , Xu          , Xu          , Xu          , Xu          , Xu          , Xu          , Xu          , Xu          , Xu          , Xu          , Xu          , Xu          , Xu          , Xu          , Xu          , Xu          , Wo          , Wo          , Wo          , Wo          , Xu          , Xu          , Xu          , Xu          , Xu          , Xu          , Xu          , Xu          , Mm          , Rd          , Hh          , Hh          , Gg          , Ce          , Ce          , 1 Ke        , Gg          , Gg          , Gg          , Gg          
Xu          , Xu          , Xu          , Xu          , Xu          , Xu          , Xu          , Xu          , Xu          , Xu          , Xu          , Xu          , Xu          , Xu          , Xu          , Xu          , Xu          , Xu          , Xu          , Xu          , Xu          , Xu          , Xu          , Wo          , Xu          , Xu          , Xu          , Xu          , Xu          , Xu          , Xu          , Xu          , Mm          , Mm          , Mm          , Mm          , Hh          , Re          , Re          , Re          , Re          , Gs^Fp       , Gg          , Gg          , Gg          , Gg          
Xu          , Xu          , Xu          , Xu          , Xu          , Xu          , Xu          , Xu          , Xu          , Xu          , Xu          , Xu          , Xu          , Xu          , Xu          , Xu          , Xu          , Xu          , Xu          , Xu          , Xu          , Xu          , Xu          , Xu          , Xu          , Xu          , Xu          , Xu          , Xu          , Xu          , Mm          , Mm          , Mm          , Mm          , Hh          , Hh          , Hh          , Gg^Ve       , Gs^Fp       , Re          , Hh          , Re          , Re          , Hh^Vhh      , Gg          , Gg          
Xu          , Xu          , Xu          , Xu          , Xu          , Xu          , Xu          , Xu          , Xu          , Xu          , Xu          , Xu          , Xu          , Xu          , Xu          , Xu          , Xu          , Xu          , Xu          , Xu          , Xu          , Xu          , Xu          , Xu          , Xu          , Xu          , Xu          , Xu          , Xu          , Mm          , Mm          , Mm          , Hh          , Hh          , Gs^Fp       , Hh          , Hh          , Hh          , Hh          , Hh          , Gg          , Gg          , Gg          , Re          , Re          , Gg          
Xu          , Xu          , Xu          , Xu          , Xu          , Xu          , Xu          , Xu          , Xu          , Xu          , Xu          , Xu          , Xu          , Xu          , Xu          , Xu          , Xu          , Xu          , Xu          , Xu          , Xu          , Xu          , Xu          , Xu          , Xu          , Xu          , Xu          , Xu          , Mm          , Mm          , Hh          , Hh          , Hh          , Gg^Ve       , Hh          , Hh          , Gs^Fp       , Hh          , Gg          , Gg          , Gg          , Hh^Vhh      , Gg          , Gg          , Gg          , Re          
Xu          , Xu          , Xu          , Xu          , Xu          , Xu          , Xu          , Xu          , Xu          , Xu          , Xu          , Xu          , Xu          , Xu          , Xu          , Xu          , Xu          , Xu          , Xu          , Xu          , Xu          , Xu          , Xu          , Xu          , Xu          , Xu          , Xu          , Mm          , Mm          , Mm          , Hh          , Hh          , Gg          , Hh          , Hh          , Hh          , Gg          , Gg          , Gg          , Gg          , Gg          , Gg          , Gg          , Gg          , Gg          , Gg          
