border_size=1
usage=map

Hh          , Hh          , Hh          , Ww          , Ww          , Ww          , Ww          , Ww          , Ww          , Ww          , Ww          , Hh          , Hh          , Hh          , Hh          , Hh          , Gs^Efm         , Hh          , Hh          , Hh          , Hh          , Hh          , Re          , Re          , Kh          , Hh          , Hh          , Hh          , Gg          , Gg          , Gg          , Gs^Fp       , Gg          , Gg          , Gg          , Gg          
Hh          , Hh          , Gg          , Hh          , Ww          , Ww          , Ww          , Ww          , Chs         , Chs         , Chs         , Gg          , Gg          , Hh          , Gg          , Hh          , Hh          , Hh          , Hh          , Hh          , Hh          , Ch          , 3 Kh        , 2 Kh        , 1 Kh        , Ch          , Ch          , Hh          , Hh^Fds      , Gg          , Gg          , Gg          , Gg          , Gg          , Gg          , Gg          
Hh          , Hh          , Gg          , Hh          , Gg          , Ww          , Gg          , Ww          , Ss^Vhs      , 9 Khs       , Gg          , Hh          , Hh          , Gg          , Hh          , Gg^Ve       , Hh          , Hh          , Hh          , Hh          , Hh          , Re          , Gg^Ve       , Ch          , Ch          , Ch          , Ch          , Hh          , Gg          , Hh^Fds      , Gg          , Hh^Fds      , Gg          , Gg          , Hh          , Gg          
Hh          , Hh          , Hh          , Gg          , Gg          , Gg          , Hh          , Gg          , Gg          , Hh          , Gg          , Hh          , Hh          , Gs^Efm         , Hh          , Hh          , Hh          , Hh          , Hh          , Hh          , Re          , Re          , Hh          , Hh          , Ch          , Ch          , Hh          , Hh          , Hh          , Hh^Fds      , Gg          , Gg          , Gg          , Hh^Fds      , Hh          , Gg          
Hh          , Hh          , Gg          , Hh          , Gg          , Hh          , Gg          , Hh          , Hh          , Hh          , Hh          , Hh          , Hh          , Hh          , Hh          , Hh          , Hh          , Hh          , Hh          , Re          , Re          , Hh          , Hh          , Hh          , Hh          , Hh          , Hh          , Hh          , Hh          , Hh          , Hh          , Gg          , Gg          , Gg          , Hh          , Gg          
Hh          , Gg          , Hh          , Gg          , Gg          , Gg          , Hh          , Hh          , Gs^Efm         , Hh          , Hh          , Gg          , Hh          , Hh          , Hh          , Hh          , Hh          , Hh          , Re          , Re          , Hh          , Hh          , Hh          , Hh          , Hh^Fds      , Hh          , Hh^Fds      , Hh          , Gg          , Gg          , Hh          , Hh          , Hh          , Hh          , Hh          , Gg          
Gg          , Hh          , Hh          , Hh          , Gg          , Hh          , Hh          , Hh          , Hh          , Hh          , Hh          , Gg          , Hh          , Hh          , Hh          , Hh          , Re          , Re          , Hh          , Hh          , Hh          , Hh          , Hh          , Hh          , Hh          , Hh^Fds      , Gg          , Hh^Fds      , Gg          , Hh          , Gg          , Hh          , Gg          , Gg          , Hh          , Gg          
Hh          , Hh          , Hh          , Gs^Vht      , Hh          , Hh          , Hh          , Hh          , Hh          , Hh          , Hh          , Hh          , Hh          , Hh          , Hh          , Hh^Vhh      , Re          , Re          , Hh          , Hh          , Hh          , Gg          , Gg          , Gg          , Gg          , Hh          , Hh          , Hh          , Hh          , Hh          , Gg          , Gg          , Gg          , Hh          , Gg          , Gg          
Hh          , Hh          , Hh          , Hh          , Hh          , Hh          , Hh          , Hh          , Hh          , Gg          , Hh          , Hh          , Hh          , Hh          , Re          , Re          , Hh          , Hh          , Hh          , Hh          , Gg          , Gg          , Gs^Vht      , Gg          , Hh          , Hh          , Hh          , Hh          , Hh          , Hh          , Hh          , Gg          , Hh          , Hh          , Hh          , Gg          
Hh          , Hh          , Hh          , Hh          , Hh          , Hh          , Hh          , Hh          , Hh          , Hh          , Hh          , Hh          , Hh          , Hh          , Re          , Hh          , Hh          , Hh          , Gg          , Gg          , Hh          , Gg          , Gg          , Gg          , Hh          , Gg          , Gg          , Hh          , Hh          , Hh          , Hh          , Hh          , Gg          , Hh          , Hh          , Gg          
Hh          , Hh          , Hh          , Hh          , Hh^Vhh      , Hh          , Hh          , Hh          , Hh          , Hh          , Hh          , Hh          , Hh          , Hh          , Re          , Hh          , Hh          , Gg          , Hh          , Hh          , Gg          , Hh          , Gg          , Gg          , Gg          , Hh          , Hh          , Hh          , Hh          , Hh          , Hh          , Hh          , Hh          , Hh          , Hh          , Hh          
Hh          , Hh          , Hh          , Hh          , Hh          , Hh          , Hh          , Hh          , Hh          , Hh          , Hh          , Hh          , Hh          , Hh          , Re          , Hh          , Hh          , Hh          , Hh          , Hh          , Hh          , Gg          , Hh          , Hh          , Hh          , Hh          , Hh          , Hh          , Hh          , Hh^Fdw      , Hh          , Hh          , Hh          , Hh          , Hh          , Hh          
Hh          , Hh          , Hh          , Hh          , Hh          , Hh          , Hh          , Hh          , Hh          , Hh^Fdw      , Hh          , Hh          , Hh          , Re          , Hh          , Re          , Re          , Hh          , Hh          , Hh          , Hh          , Hh          , Hh          , Hh          , Hh          , Hh          , Hh          , Hh          , Hh          , Hh          , Hh          , Hh          , Hh          , Hh          , Hh          , Hh          
Hh          , Hh          , Hh          , Hh^Fdw      , Hh          , Hh          , Hh          , Hh          , Hh          , Hh          , Hh          , Hh          , Hh^Vhh      , Re          , Hh          , Hh          , Hh          , Re          , Re          , Hh          , Hh^Vhh      , Hh          , Hh          , Hh          , Hh^Fdw      , Hh          , Hh          , Hh^Fdw      , Hh          , Hh          , Hh          , Hh          , Hh          , Hh^Fdw      , Hh          , Hh          
Hh          , Hh          , Hh          , Hh          , Hh          , Hh          , Hh^Fdw      , Hh          , Hh          , Hh          , Hh          , Hh          , Hh          , Re          , Hh          , Hh          , Hh          , Hh          , Hh          , Re          , Re          , Hh          , Hh          , Hh          , Hh          , Hh          , Hh          , Hh          , Hh          , Hh          , Hh          , Hh          , Hh          , Hh          , Hh          , Hh          
Hh          , Hh          , Hh          , Hh          , Hh          , Hh          , Hh          , Hh          , Hh          , Hh          , Hh          , Hh          , Hh          , Re          , Hh          , Hh          , Mm          , Mm          , Mm          , Hh          , Hh          , Re          , Re          , Hh          , Hh          , Hh          , Hh          , Hh          , Mm          , Hh          , Hd          , Mm          , Re          , Mm          , Mm          , Hh          
Hh          , Hh          , Hh          , Hh          , Hh          , Hh          , Hh          , Hh          , Hh          , Hh          , Hh          , Hh          , Hh          , Re          , Hh          , Mm          , Mm^Xm       , Mm          , Mm^Xm       , Mm          , Hh          , Hh          , Hh          , Re          , Re          , Re          , Re          , Mm          , Re          , Mm          , Re          , Re          , Hd          , Re          , Re          , Re          
Hh          , Hh          , Hh          , Hh^Vhh      , Hh          , Hh          , Hh          , Hh          , Hh          , Hh          , Hh          , Hh          , Hh          , Re          , Hh          , Mm          , Mm^Xm       , Mm^Xm       , Mm^Xm       , Mm          , Hh          , Hh          , Hh          , Hh          , Hd          , Mm          , Hd          , Re          , Mm          , Re          , Mm          , Mm          , Mm          , Mm          , Hd          , Hh          
Hh          , Hh          , Hh          , Hh          , Hh          , Hh          , Hh          , Hh          , Hh          , Hh          , Hh          , Hh          , Hh          , Re          , Hh          , Mm          , Mm^Vhh      , Mm^Xm       , Mm          , Mm          , Hh          , Hh          , Mm^Vhh      , Mm          , Uu^Ii       , Mm          , Uu^Ii       , Mm          , Xu          , Mm          , Xu          , Hd          , Hd          , Mm          , Mm          , Hh          
Hh^Fdw      , Hh          , Hh          , Hh          , Hh          , Hh^Fdw      , Hh          , Hh          , Hh          , Hh^Vhh      , Hh          , Hh          , Hh          , Re          , Hh          , Hh          , Hh          , Mm          , Mm          , Mm          , Mm          , Mm          , Xu          , Xu          , Uu^Ii       , Uu^Ii       , Uu^Vud      , Xu          , Uu          , Xu          , Uu          , Xu          , Xu          , Xu          , Xu          , Xu          
Hh          , Hh          , Hh          , Hh^Fdw      , Hh          , Hh          , Hh          , Hh          , Hh          , Hh          , Hh          , Hh          , Hh          , Re          , Hh          , Hh^Fdw      , Hh^Fdw      , Hh          , Mm          , Mm          , Xu          , Xu          , Uu          , Uu          , Uu          , Uu          , Uu          , Ur          , Uu          , Uu          , Uu          , Uu          , Uu          , Uu^Vu       , Uu          , Xu          
Hh          , Hh          , Hh          , Hh          , Hh          , Hh          , Hh          , Hh          , Hh^Fdw      , Hh          , Hh          , Hh          , Hh          , Re          , Hh          , Hh^Fdw      , Hh          , Hh          , Mm          , Xu          , Uh          , Uu          , Uu          , Uu          , Uu^Uf       , Uu          , Uu          , Ur          , Ur          , Ur          , Ur          , Ur          , Ur          , Ur          , Uu          , Uu          
Hh          , Hh          , Hh          , Hh^Vhh      , Hh          , Hh          , Hh          , Hh          , Hh          , Hh          , Hh          , Hh          , Hh          , Re          , Hh          , Hh          , Hh          , Mm          , Xu          , Xu          , Uh          , Uh          , Uu          , Xu          , Xu          , Uu          , Uu^Uf       , Uu          , Ur          , Uu          , Uu          , Uu          , Ur          , Uu          , Uu          , Uu          
Hh          , Hh          , Hh          , Hh          , Hh          , Hh^Fdw      , Hh          , Hh^Fdw      , Hh          , Hh          , Hh          , Hh          , Ch          , Re          , Ha          , Hh          , Ha          , Ha^Vhha     , Xu          , Uu^Vud      , Xu          , Uh          , Uu          , Xu          , Uu          , Xu          , Xu          , Xu          , Xu          , Uu^Vu       , Xu          , Uu          , Xu          , Ur          , Uu          , Uu          
Hh^Fdw      , Hh          , Hh          , Hh          , Hh          , Hh          , Hh          , Hh          , Hh          , Hh          , Ch          , Ch          , 5 Kh        , Ch          , Ch          , Ha          , Xu          , Xu          , Xu          , Xu          , Xu          , Uu          , Uu          , Uu          , Uu          , Uu          , Uu          , Uu          , Uu          , Xu          , Uu          , Xu          , Uu          , Ur          , Ur          , Uu          
Hh          , Hh          , Hh          , Hh          , Hh          , Hh          , Hh          , Mm^Vhh      , Ch          , Ch          , Ch          , Ch          , Hh          , 4 Kh        , Ch          , Ch          , Uu^Ii       , Cud         , Cud         , Cud         , Cud         , Xu          , Xu          , Uu^Vu       , Ur          , Uu          , Uu          , Uu          , Uu          , Uu          , Uu          , Uu          , Uu          , Uu          , Uu^Vu       , Ur          
Hh          , Hh          , Hh          , Hh          , Hh          , Hh          , Chr         , Ch          , Hh          , Ch          , Hh          , Hh          , Hh          , Re          , Ha^Vhha     , Ha          , Xu          , Xu          , Xu          , Xu          , Xu          , Cud         , Uu          , Uu          , Uu^Uf       , Ur          , Uu^Vud      , Uu          , Uu          , Cud         , Cud         , Uu          , Uu          , Ur          , Uu          , Uu          
Hh          , Hh^Vhh      , Hh          , Hh          , Hh          , Hh          , Chr         , Hh          , Hh          , Hh          , Hh          , Hh          , Hh          , Re          , Ha          , Ha          , Xu          , Xu          , Xu          , Xu          , Xu          , Xu          , Xu          , Cud         , Cud         , Uu          , Uu          , Uu          , Cud         , Cud         , 6 Kud       , Cud         , Uu          , Ur          , Ur          , Uu          
Hh          , Hh          , Hh          , Hh          , Chr         , Chr         , Hh          , Hh          , Hh          , Hh          , Hh          , Hh          , Ms          , Hh          , Ms          , Ms          , Xu          , Xu          , Xu          , Xu          , Uu          , Xu          , Xu          , Uu          , Uu          , Cud         , Cud         , Cud         , Cud         , Cud         , Cud         , Cud         , Uu          , Uu          , Uu          , Ur          
Ha          , Hh          , Chr         , Chr         , 8 Khr       , Chr         , Hh          , Hh          , Hh          , Hh          , Hh          , Ha          , Ms          , Ha          , Ha          , Ur^Ii       , Uu          , Xu          , Uu          , Uu          , Ur          , Uu^Vu       , Uu          , Xu          , Xu          , Uu          , Uu          , Cud         , 7 Kud       , Cud         , Cud         , Uu          , Uu          , Uu          , Ur          , Ur          
Ms          , Ha          , Ms          , Chr         , Chr         , Chr         , Ms          , Ha          , Ms          , Ha          , Ms          , Ms          , Ms          , Ms          , Ur^Ii       , Ur^Ii       , Ur          , Uu          , Ur          , Ur          , Uu          , Ur          , Ur          , Uu          , Uu          , Uu          , Uu          , Cud         , Cud         , Cud         , Uu          , Uu          , Uu          , Uu          , Ur          , Uu          
Ms          , Ms          , Ms          , Ms          , Ms          , Ms          , Ms          , Ms          , Ha          , Ms          , Ms          , Ms^Vhha     , Ms          , Ha          , Xu          , Uu          , Uu          , Uu^Vu       , Ur          , Uu          , Uu          , Uu          , Ur          , Uu          , Uu          , Uu          , Uu          , Uu          , Uu          , Cud         , Uu          , Uu          , Ur          , Uu^Vu       , Uu          , Uu          
Ms          , Ms          , Ms          , Ms          , Ms          , Ms          , Ms^Vhha     , Ms          , Ms          , Ms          , Ms          , Ms          , Ms          , Ms          , Ha          , Xu          , Uu          , Uu          , Uu          , Ur          , Uu          , Uu          , Uu^Vu       , Uu          , Uu          , Uu          , Ur          , Uu          , Ur          , Uu          , Uu          , Ur          , Uu          , Uu          , Uu          , Uu          
Ms          , Ms          , Ms          , Ms          , Ms          , Ms          , Ms          , Ms          , Ms          , Ms          , Ms          , Ms          , Ms          , Ms          , Ms          , Xu          , Xu          , Uu          , Uu          , Ur          , Ur          , Ur          , Uu          , Ur          , Ur          , Ur          , Uu          , Ur          , Uu          , Uu^Vu       , Ur          , Ur          , Uu          , Uu          , Uu          , Uu          
Ms          , Ms          , Ms          , Ms          , Ms          , Ms          , Ms          , Ms          , Ms          , Ms          , Ms          , Ms          , Ms          , Ms          , Hh          , Xu          , Uu          , Uu          , Uu          , Uu          , Uu          , Uu          , Uu          , Uu          , Uu          , Uu          , Uu          , Uu          , Uu          , Uu          , Uu          , Uu          , Uu          , Uu          , Uu          , Uu          
